2026-09-02T02:36:25Z app[48e441ea927078] cdg [info]{"event":"aria_harvest","tag":"[aria-harvest]","phase":"request_exit","actor":"harvestapi~linkedin-profile-search","started":false,"detail":"SOURCING_AGENT_RATE_LIMITED"}
2026-09-02T02:36:29Z app[48e441ea927078] cdg [info]{"event":"aria_harvest","tag":"[aria-harvest]","phase":"succeeded","actor":"harvestapi~linkedin-profile-search","query":"Calypso Business Analysis","runId":"TopMURdUTI8z6rabe","status":"SUCCEEDED","items":0,"started":true}
2026-09-02T02:36:29Z app[48e441ea927078] cdg [info]{"event":"aria_harvest","tag":"[aria-harvest]","phase":"request_exit","actor":"harvestapi~linkedin-profile-search","query":"Calypso Business Analyst","started":false,"detail":"PEOPLE_FIRST_HARVEST_EMPTY"}
2026-09-02T02:36:30Z app[48e441ea927078] cdg [info]{"event":"aria_harvest","tag":"[aria-harvest]","phase":"request_received","actor":"harvestapi~linkedin-profile-search","started":false}
2026-09-02T02:36:31Z app[48e441ea927078] cdg [info]{"event":"aria_harvest","tag":"[aria-harvest]","phase":"request_entry","actor":"harvestapi~linkedin-profile-search","query":"Calypso Business Analyst","started":false,"campaign":"Senior Calypso Business Analyst","apifyKeyPresent":true,"detail":"plannedHarvests=8"}
2026-09-02T02:36:31Z app[48e441ea927078] cdg [info]{"event":"aria_harvest","tag":"[aria-harvest]","phase":"actor_input","actor":"harvestapi~linkedin-profile-search","query":"Calypso","actorInputField":"searchQuery","actorSearchQuery":"Calypso","detail":"actor_input_matches_planned"}
2026-09-02T02:36:31Z app[48e441ea927078] cdg [info]{"event":"aria_harvest","tag":"[aria-harvest]","phase":"started","actor":"harvestapi~linkedin-profile-search","query":"Calypso","runId":"jqRzkGa2GI38bFiO8","status":"READY","started":true}
2026-09-02T02:36:35Z app[48e441ea927078] cdg [info]{"event":"aria_harvest","tag":"[aria-harvest]","phase":"succeeded","actor":"harvestapi~linkedin-profile-search","query":"Calypso","runId":"jqRzkGa2GI38bFiO8","status":"SUCCEEDED","items":0,"started":true}
2026-09-02T02:36:35Z app[48e441ea927078] cdg [info]{"event":"aria_harvest","tag":"[aria-harvest]","phase":"request_exit","actor":"harvestapi~linkedin-profile-search","query":"Calypso Business Analyst","started":false,"detail":"PEOPLE_FIRST_HARVEST_EMPTY"}
2026-09-02T02:36:36Z app[48e441ea927078] cdg [info]{"event":"aria_harvest","tag":"[aria-harvest]","phase":"request_received","actor":"harvestapi~linkedin-profile-search","started":false}
2026-09-02T02:36:36Z app[48e441ea927078] cdg [info]{"event":"aria_harvest","tag":"[aria-harvest]","phase":"request_exit","actor":"harvestapi~linkedin-profile-search","started":false,"detail":"SOURCING_AGENT_RATE_LIMITED"}
2026-09-02T02:38:12Z app[48e441ea927078] cdg [info]{"event":"aria_harvest","tag":"[aria-harvest]","phase":"request_received","actor":"harvestapi~linkedin-profile-search","started":false}
2026-09-02T02:38:12Z app[48e441ea927078] cdg [info]{"event":"aria_harvest","tag":"[aria-harvest]","phase":"request_entry","actor":"harvestapi~linkedin-profile-search","query":"Calypso Business Analyst","started":false,"campaign":"Senior Calypso Business Analyst","apifyKeyPresent":true,"detail":"plannedHarvests=8"}
2026-09-02T02:38:12Z app[48e441ea927078] cdg [info]{"event":"aria_harvest","tag":"[aria-harvest]","phase":"actor_input","actor":"harvestapi~linkedin-profile-search","query":"Calypso Business Analyst","actorInputField":"searchQuery","actorSearchQuery":"Calypso Business Analyst","detail":"actor_input_matches_planned"}
2026-09-02T02:38:13Z app[48e441ea927078] cdg [info]{"event":"aria_harvest","tag":"[aria-harvest]","phase":"started","actor":"harvestapi~linkedin-profile-search","query":"Calypso Business Analyst","runId":"8QPevLiGWXjQcdnzm","status":"READY","started":true}
2026-09-02T02:38:16Z app[48e441ea927078] cdg [info]{"event":"aria_harvest","tag":"[aria-harvest]","phase":"succeeded","actor":"harvestapi~linkedin-profile-search","query":"Calypso Business Analyst","runId":"8QPevLiGWXjQcdnzm","status":"SUCCEEDED","items":0,"started":true}
2026-09-02T02:38:16Z app[48e441ea927078] cdg [info]{"event":"aria_harvest","tag":"[aria-harvest]","phase":"request_exit","actor":"harvestapi~linkedin-profile-search","query":"Calypso Business Analyst","started":false,"detail":"PEOPLE_FIRST_HARVEST_EMPTY"}
2026-09-02T02:38:18Z app[48e441ea927078] cdg [info]{"event":"aria_harvest","tag":"[aria-harvest]","phase":"request_received","actor":"harvestapi~linkedin-profile-search","started":false}
2026-09-02T02:38:18Z app[48e441ea927078] cdg [info]{"event":"aria_harvest","tag":"[aria-harvest]","phase":"request_entry","actor":"harvestapi~linkedin-profile-search","query":"Calypso Business Analyst","started":false,"campaign":"Senior Calypso Business Analyst","apifyKeyPresent":true,"detail":"plannedHarvests=8"}
2026-09-02T02:38:18Z app[48e441ea927078] cdg [info]{"event":"aria_harvest","tag":"[aria-harvest]","phase":"actor_input","actor":"harvestapi~linkedin-profile-search","query":"Calypso","actorInputField":"searchQuery","actorSearchQuery":"Calypso","detail":"actor_input_matches_planned"}
2026-09-02T02:38:19Z app[48e441ea927078] cdg [info]{"event":"aria_harvest","tag":"[aria-harvest]","phase":"started","actor":"harvestapi~linkedin-profile-search","query":"Calypso","runId":"0UFYNwBgs3ocAv4an","status":"READY","started":true}
2026-09-02T02:38:27Z app[48e441ea927078] cdg [info]{"event":"aria_harvest","tag":"[aria-harvest]","phase":"succeeded","actor":"harvestapi~linkedin-profile-search","query":"Calypso","runId":"0UFYNwBgs3ocAv4an","status":"SUCCEEDED","items":0,"started":true}
2026-09-02T02:38:27Z app[48e441ea927078] cdg [info]{"event":"aria_harvest","tag":"[aria-harvest]","phase":"request_exit","actor":"harvestapi~linkedin-profile-search","query":"Calypso Business Analyst","started":false,"detail":"PEOPLE_FIRST_HARVEST_EMPTY"}
2026-09-02T02:38:28Z app[48e441ea927078] cdg [info]{"event":"aria_harvest","tag":"[aria-harvest]","phase":"request_received","actor":"harvestapi~linkedin-profile-search","started":false}
2026-09-02T02:38:28Z app[48e441ea927078] cdg [info]{"event":"aria_harvest","tag":"[aria-harvest]","phase":"request_entry","actor":"harvestapi~linkedin-profile-search","query":"Calypso Business Analyst","started":false,"campaign":"Senior Calypso Business Analyst","apifyKeyPresent":true,"detail":"plannedHarvests=8"}
2026-09-02T02:38:28Z app[48e441ea927078] cdg [info]{"event":"aria_harvest","tag":"[aria-harvest]","phase":"actor_input","actor":"harvestapi~linkedin-profile-search","query":"Calypso Business Analysis","actorInputField":"searchQuery","actorSearchQuery":"Calypso Business Analysis","detail":"actor_input_matches_planned"}
2026-09-02T02:38:29Z app[48e441ea927078] cdg [info]{"event":"aria_harvest","tag":"[aria-harvest]","phase":"started","actor":"harvestapi~linkedin-profile-search","query":"Calypso Business Analysis","runId":"Wr8pzeoStCd0QOyVu","status":"READY","started":true}
2026-09-02T02:38:35Z app[48e441ea927078] cdg [info]{"event":"aria_harvest","tag":"[aria-harvest]","phase":"succeeded","actor":"harvestapi~linkedin-profile-search","query":"Calypso Business Analysis","runId":"Wr8pzeoStCd0QOyVu","status":"SUCCEEDED","items":0,"started":true}
2026-09-02T02:38:35Z app[48e441ea927078] cdg [info]{"event":"aria_harvest","tag":"[aria-harvest]","phase":"request_exit","actor":"harvestapi~linkedin-profile-search","query":"Calypso Business Analyst","started":false,"detail":"PEOPLE_FIRST_HARVEST_EMPTY"}
2026-09-02T02:38:37Z app[48e441ea927078] cdg [info]{"event":"aria_harvest","tag":"[aria-harvest]","phase":"request_received","actor":"harvestapi~linkedin-profile-search","started":false}
2026-09-02T02:38:37Z app[48e441ea927078] cdg [info]{"event":"aria_harvest","tag":"[aria-harvest]","phase":"request_entry","actor":"harvestapi~linkedin-profile-search","query":"Calypso Business Analyst","started":false,"campaign":"Senior Calypso Business Analyst","apifyKeyPresent":true,"detail":"plannedHarvests=8"}
2026-09-02T02:38:37Z app[48e441ea927078] cdg [info]{"event":"aria_harvest","tag":"[aria-harvest]","phase":"actor_input","actor":"harvestapi~linkedin-profile-search","query":"Calypso","actorInputField":"searchQuery","actorSearchQuery":"Calypso","detail":"actor_input_matches_planned"}
2026-09-02T02:38:38Z app[48e441ea927078] cdg [info]{"event":"aria_harvest","tag":"[aria-harvest]","phase":"started","actor":"harvestapi~linkedin-profile-search","query":"Calypso","runId":"XR3iEorNQe8tTNxeL","status":"READY","started":true}
2026-09-02T02:38:43Z app[48e441ea927078] cdg [info]{"event":"aria_harvest","tag":"[aria-harvest]","phase":"succeeded","actor":"harvestapi~linkedin-profile-search","query":"Calypso","runId":"XR3iEorNQe8tTNxeL","status":"SUCCEEDED","items":0,"started":true}
2026-09-02T02:38:43Z app[48e441ea927078] cdg [info]{"event":"aria_harvest","tag":"[aria-harvest]","phase":"request_exit","actor":"harvestapi~linkedin-profile-search","query":"Calypso Business Analyst","started":false,"detail":"PEOPLE_FIRST_HARVEST_EMPTY"}
2026-09-02T02:38:43Z app[48e441ea927078] cdg [info]{"event":"aria_harvest","tag":"[aria-harvest]","phase":"request_received","actor":"harvestapi~linkedin-profile-search","started":false}
2026-09-02T02:38:44Z app[48e441ea927078] cdg [info]{"event":"aria_harvest","tag":"[aria-harvest]","phase":"request_entry","actor":"harvestapi~linkedin-profile-search","query":"Calypso Business Analyst","started":false,"campaign":"Senior Calypso Business Analyst","apifyKeyPresent":true,"detail":"plannedHarvests=8"}
2026-09-02T02:38:44Z app[48e441ea927078] cdg [info]{"event":"aria_harvest","tag":"[aria-harvest]","phase":"actor_input","actor":"harvestapi~linkedin-profile-search","query":"Business Analyst Montreal","actorInputField":"searchQuery","actorSearchQuery":"Business Analyst Montreal","detail":"actor_input_matches_planned"}
2026-09-02T02:38:44Z app[48e441ea927078] cdg [info]{"event":"aria_harvest","tag":"[aria-harvest]","phase":"started","actor":"harvestapi~linkedin-profile-search","query":"Business Analyst Montreal","runId":"MpU8a1L96V4ySv17E","status":"READY","started":true}
2026-09-02T02:38:51Z app[48e441ea927078] cdg [info]{"event":"aria_harvest","tag":"[aria-harvest]","phase":"succeeded","actor":"harvestapi~linkedin-profile-search","query":"Business Analyst Montreal","runId":"MpU8a1L96V4ySv17E","status":"SUCCEEDED","items":0,"started":true}
2026-09-02T02:38:51Z app[48e441ea927078] cdg [info]{"event":"aria_harvest","tag":"[aria-harvest]","phase":"request_exit","actor":"harvestapi~linkedin-profile-search","query":"Calypso Business Analyst","started":false,"detail":"PEOPLE_FIRST_HARVEST_EMPTY"}
2026-09-02T02:38:52Z app[48e441ea927078] cdg [info]{"event":"aria_harvest","tag":"[aria-harvest]","phase":"request_received","actor":"harvestapi~linkedin-profile-search","started":false}
2026-09-02T02:38:52Z app[48e441ea927078] cdg [info]{"event":"aria_harvest","tag":"[aria-harvest]","phase":"request_entry","actor":"harvestapi~linkedin-profile-search","query":"Calypso Business Analyst","started":false,"campaign":"Senior Calypso Business Analyst","apifyKeyPresent":true,"detail":"plannedHarvests=8"}
2026-09-02T02:38:52Z app[48e441ea927078] cdg [info]{"event":"aria_harvest","tag":"[aria-harvest]","phase":"actor_input","actor":"harvestapi~linkedin-profile-search","query":"Calypso consultant","actorInputField":"searchQuery","actorSearchQuery":"Calypso consultant","detail":"actor_input_matches_planned"}
2026-09-02T02:38:52Z app[48e441ea927078] cdg [info]{"event":"aria_harvest","tag":"[aria-harvest]","phase":"started","actor":"harvestapi~linkedin-profile-search","query":"Calypso consultant","runId":"eo0lRjgPtGMNBCMMg","status":"READY","started":true}
2026-09-02T02:38:56Z app[48e441ea927078] cdg [info]{"event":"aria_harvest","tag":"[aria-harvest]","phase":"succeeded","actor":"harvestapi~linkedin-profile-search","query":"Calypso consultant","runId":"eo0lRjgPtGMNBCMMg","status":"SUCCEEDED","items":0,"started":true}
2026-09-02T02:38:56Z app[48e441ea927078] cdg [info]{"event":"aria_harvest","tag":"[aria-harvest]","phase":"request_exit","actor":"harvestapi~linkedin-profile-search","query":"Calypso Business Analyst","started":false,"detail":"PEOPLE_FIRST_HARVEST_EMPTY"}
2026-09-02T02:38:56Z app[48e441ea927078] cdg [info]{"event":"aria_harvest","tag":"[aria-harvest]","phase":"request_received","actor":"harvestapi~linkedin-profile-search","started":false}
2026-09-02T02:38:57Z app[48e441ea927078] cdg [info]{"event":"aria_harvest","tag":"[aria-harvest]","phase":"request_entry","actor":"harvestapi~linkedin-profile-search","query":"Calypso Business Analyst","started":false,"campaign":"Senior Calypso Business Analyst","apifyKeyPresent":true,"detail":"plannedHarvests=8"}
2026-09-02T02:38:57Z app[48e441ea927078] cdg [info]{"event":"aria_harvest","tag":"[aria-harvest]","phase":"actor_input","actor":"harvestapi~linkedin-profile-search","query":"trading-platform BA","actorInputField":"searchQuery","actorSearchQuery":"trading-platform BA","detail":"actor_input_matches_planned"}
2026-09-02T02:38:57Z app[48e441ea927078] cdg [info]{"event":"aria_harvest","tag":"[aria-harvest]","phase":"started","actor":"harvestapi~linkedin-profile-search","query":"trading-platform BA","runId":"aOtlZKG3v4PRaAPQs","status":"READY","started":true}
2026-09-02T02:39:04Z app[48e441ea927078] cdg [info]{"event":"aria_harvest","tag":"[aria-harvest]","phase":"succeeded","actor":"harvestapi~linkedin-profile-search","query":"trading-platform BA","runId":"aOtlZKG3v4PRaAPQs","status":"SUCCEEDED","items":0,"started":true}
2026-09-02T02:39:04Z app[48e441ea927078] cdg [info]{"event":"aria_harvest","tag":"[aria-harvest]","phase":"request_exit","actor":"harvestapi~linkedin-profile-search","query":"Calypso Business Analyst","started":false,"detail":"PEOPLE_FIRST_HARVEST_EMPTY"}
2026-09-02T02:39:04Z app[48e441ea927078] cdg [info]{"event":"aria_harvest","tag":"[aria-harvest]","phase":"request_received","actor":"harvestapi~linkedin-profile-search","started":false}
2026-09-02T02:39:05Z app[48e441ea927078] cdg [info]{"event":"aria_harvest","tag":"[aria-harvest]","phase":"request_entry","actor":"harvestapi~linkedin-profile-search","query":"Calypso Business Analyst","started":false,"campaign":"Senior Calypso Business Analyst","apifyKeyPresent":true,"detail":"plannedHarvests=8"}
2026-09-02T02:39:05Z app[48e441ea927078] cdg [info]{"event":"aria_harvest","tag":"[aria-harvest]","phase":"actor_input","actor":"harvestapi~linkedin-profile-search","query":"finance BA","actorInputField":"searchQuery","actorSearchQuery":"finance BA","detail":"actor_input_matches_planned"}
2026-09-02T02:39:05Z app[48e441ea927078] cdg [info]{"event":"aria_harvest","tag":"[aria-harvest]","phase":"started","actor":"harvestapi~linkedin-profile-search","query":"finance BA","runId":"6IKfh6X9GYVa2HBkO","status":"READY","started":true}
2026-09-02T02:39:12Z app[48e441ea927078] cdg [info]{"event":"aria_harvest","tag":"[aria-harvest]","phase":"succeeded","actor":"harvestapi~linkedin-profile-search","query":"finance BA","runId":"6IKfh6X9GYVa2HBkO","status":"SUCCEEDED","items":0,"started":true}
2026-09-02T02:39:12Z app[48e441ea927078] cdg [info]{"event":"aria_harvest","tag":"[aria-harvest]","phase":"started","actor":"apivault_labs~github-profile-scraper","query":"tech-stack-merge","runId":"uyQCE2eBvDjHFaNEp","status":"READY","items":0,"started":true}
2026-09-02T02:39:12Z app[48e441ea927078] cdg [info]{"event":"aria_harvest","tag":"[aria-harvest]","phase":"enrich_started","actor":"harvestapi~linkedin-profile-scraper","query":"email-phone","status":"invalid-input","items":0,"started":false,"detail":"empty LinkedIn harvest is not terminal"}
2026-09-02T02:39:12Z app[48e441ea927078] cdg [info]{"event":"aria_harvest","tag":"[aria-harvest]","phase":"github_started","actor":"apivault_labs~github-profile-scraper","query":"tech-stack-merge","runId":"uyQCE2eBvDjHFaNEp","status":"READY","items":0,"started":true,"detail":"merge onto the same people, never a leftover shortlist"}
2026-09-02T02:39:13Z app[48e441ea927078] cdg [info]{"event":"aria_harvest","tag":"[aria-harvest]","phase":"request_exit","actor":"harvestapi~linkedin-profile-search","query":"Calypso Business Analyst","started":false,"detail":"PEOPLE_FIRST_HARVEST_EMPTY"}
